// Vitest Snapshot v1, https://vitest.dev/guide/snapshot.html

exports[`NotFound > should equal saved snapshot 1`] = `
<MainLayout>
  <ForwardRef(Paper)
    sx={
      {
        "margin": 1,
      }
    }
  >
    <ForwardRef(Grid)
      alignItems="center"
      direction="column"
      justifyContent="center"
    >
      <ForwardRef(Typography)
        color="primary"
        variant="h1"
      >
        404
      </ForwardRef(Typography)>
      <ForwardRef(Typography)
        color="textSecondary"
        variant="h4"
      >
        Not Found
      </ForwardRef(Typography)>
      <ForwardRef(Typography)
        color="textSecondary"
        variant="body1"
      >
        404
      </ForwardRef(Typography)>
    </ForwardRef(Grid)>
  </ForwardRef(Paper)>
</MainLayout>
`;
