// Vitest Snapshot v1, https://vitest.dev/guide/snapshot.html

exports[`UserDialog > should equal saved snapshot 1`] = `
<DocumentFragment>
  <header
    class="MuiPaper-root MuiPaper-elevation MuiPaper-elevation4 MuiAppBar-root MuiAppBar-colorPrimary MuiAppBar-positionFixed mui-fixed css-11b3ww9-MuiPaper-root-MuiAppBar-root"
  >
    <div
      class="MuiToolbar-root MuiToolbar-gutters MuiToolbar-regular css-hyum1k-MuiToolbar-root"
    >
      <button
        class="MuiButtonBase-root MuiIconButton-root MuiIconButton-colorInherit MuiIconButton-edgeStart MuiIconButton-sizeLarge css-ancrnh-MuiButtonBase-root-MuiIconButton-root"
        tabindex="0"
        type="button"
      >
        <svg
          aria-hidden="true"
          class="MuiSvgIcon-root MuiSvgIcon-fontSizeMedium css-i4bv87-MuiSvgIcon-root"
          data-testid="MenuIcon"
          focusable="false"
          viewBox="0 0 24 24"
        >
          <path
            d="M3 18h18v-2H3v2zm0-5h18v-2H3v2zm0-7v2h18V6H3z"
          />
        </svg>
        <span
          class="MuiTouchRipple-root css-8je8zh-MuiTouchRipple-root"
        />
      </button>
      <div
        class="MuiTypography-root MuiTypography-h6 css-1juivf6-MuiTypography-root"
      >
        React Boilerplate
      </div>
      <div
        class="MuiTypography-root MuiTypography-body1 css-1fbouff-MuiTypography-root"
      >
        Environment: test
      </div>
      <div
        class="MuiBox-root css-ece9u5"
      >
        <div
          class="MuiFormControl-root MuiFormControl-fullWidth css-q8hpuo-MuiFormControl-root"
        >
          <label
            class="MuiFormLabel-root MuiInputLabel-root MuiInputLabel-formControl MuiInputLabel-animated MuiInputLabel-shrink MuiInputLabel-sizeMedium MuiInputLabel-outlined MuiFormLabel-colorPrimary MuiFormLabel-filled MuiInputLabel-root MuiInputLabel-formControl MuiInputLabel-animated MuiInputLabel-shrink MuiInputLabel-sizeMedium MuiInputLabel-outlined css-1jy569b-MuiFormLabel-root-MuiInputLabel-root"
            data-shrink="true"
          >
            language
          </label>
          <div
            class="MuiInputBase-root MuiOutlinedInput-root MuiInputBase-colorPrimary MuiInputBase-formControl  css-1yk1gt9-MuiInputBase-root-MuiOutlinedInput-root-MuiSelect-root"
          >
            <div
              aria-controls=":r0:"
              aria-expanded="false"
              aria-haspopup="listbox"
              class="MuiSelect-select MuiSelect-outlined MuiInputBase-input MuiOutlinedInput-input css-11u53oe-MuiSelect-select-MuiInputBase-input-MuiOutlinedInput-input"
              role="combobox"
              tabindex="0"
            >
              de
            </div>
            <input
              aria-hidden="true"
              aria-invalid="false"
              class="MuiSelect-nativeInput css-yf8vq0-MuiSelect-nativeInput"
              tabindex="-1"
              value="de"
            />
            <svg
              aria-hidden="true"
              class="MuiSvgIcon-root MuiSvgIcon-fontSizeMedium MuiSelect-icon MuiSelect-iconOutlined css-hfutr2-MuiSvgIcon-root-MuiSelect-icon"
              data-testid="ArrowDropDownIcon"
              focusable="false"
              viewBox="0 0 24 24"
            >
              <path
                d="M7 10l5 5 5-5z"
              />
            </svg>
            <fieldset
              aria-hidden="true"
              class="MuiOutlinedInput-notchedOutline css-1d3z3hw-MuiOutlinedInput-notchedOutline"
            >
              <legend
                class="css-14lo706"
              >
                <span>
                  language
                </span>
              </legend>
            </fieldset>
          </div>
        </div>
      </div>
    </div>
  </header>
  <div
    class="MuiToolbar-root MuiToolbar-gutters MuiToolbar-regular css-hyum1k-MuiToolbar-root"
  />
  <div
    class="MuiPaper-root MuiPaper-elevation MuiPaper-rounded MuiPaper-elevation1 css-3v46u1-MuiPaper-root"
  >
    <span
      aria-label=""
      class=""
      data-mui-internal-clone-element="true"
    >
      <button
        class="MuiButtonBase-root MuiButton-root MuiButton-outlined MuiButton-outlinedPrimary MuiButton-sizeMedium MuiButton-outlinedSizeMedium MuiButton-root MuiButton-outlined MuiButton-outlinedPrimary MuiButton-sizeMedium MuiButton-outlinedSizeMedium css-16ww9kz-MuiButtonBase-root-MuiButton-root"
        id="user-table-button-reload"
        tabindex="0"
        type="button"
      >
        <span
          class="MuiButton-startIcon MuiButton-iconSizeMedium css-1d6wzja-MuiButton-startIcon"
        >
          <svg
            aria-hidden="true"
            class="MuiSvgIcon-root MuiSvgIcon-fontSizeMedium css-i4bv87-MuiSvgIcon-root"
            data-testid="ReplayIcon"
            focusable="false"
            viewBox="0 0 24 24"
          >
            <path
              d="M12 5V1L7 6l5 5V7c3.31 0 6 2.69 6 6s-2.69 6-6 6-6-2.69-6-6H4c0 4.42 3.58 8 8 8s8-3.58 8-8-3.58-8-8-8z"
            />
          </svg>
        </span>
        reload
        <span
          class="MuiTouchRipple-root css-8je8zh-MuiTouchRipple-root"
        />
      </button>
    </span>
    <span
      aria-label=""
      class=""
      data-mui-internal-clone-element="true"
    >
      <button
        class="MuiButtonBase-root MuiButton-root MuiButton-outlined MuiButton-outlinedPrimary MuiButton-sizeMedium MuiButton-outlinedSizeMedium MuiButton-root MuiButton-outlined MuiButton-outlinedPrimary MuiButton-sizeMedium MuiButton-outlinedSizeMedium css-16ww9kz-MuiButtonBase-root-MuiButton-root"
        id="user-table-button-create"
        tabindex="0"
        type="button"
      >
        <span
          class="MuiButton-startIcon MuiButton-iconSizeMedium css-1d6wzja-MuiButton-startIcon"
        >
          <svg
            aria-hidden="true"
            class="MuiSvgIcon-root MuiSvgIcon-fontSizeMedium css-i4bv87-MuiSvgIcon-root"
            data-testid="AddIcon"
            focusable="false"
            viewBox="0 0 24 24"
          >
            <path
              d="M19 13h-6v6h-2v-6H5v-2h6V5h2v6h6v2z"
            />
          </svg>
        </span>
        create
        <span
          class="MuiTouchRipple-root css-8je8zh-MuiTouchRipple-root"
        />
      </button>
    </span>
    <div
      class="ag-theme-alpine MuiBox-root css-hpgf8j"
    >
      <div
        style="height: 100%;"
      >
        <!-- AG Grid -->
        <div
          class="ag-root-wrapper ag-ltr ag-layout-auto-height"
          grid-id="1"
          role="presentation"
        >
          <div
            class="ag-root-wrapper-body ag-focus-managed ag-layout-auto-height"
            role="presentation"
          >
            <div
              class="ag-tab-guard ag-tab-guard-top"
              role="presentation"
              tabindex="0"
            />
            <!-- AG Grid Body -->
            <div
              aria-colcount="7"
              aria-rowcount="2"
              class="ag-root ag-unselectable ag-layout-auto-height"
              role="treegrid"
            >
              <div
                class="ag-header ag-pivot-off ag-header-allow-overflow"
                role="presentation"
                style="height: 49px; min-height: 49px;"
              >
                <div
                  aria-hidden="true"
                  class="ag-pinned-left-header ag-hidden"
                  role="presentation"
                  style="width: 0px; min-width: 0px; max-width: 0px;"
                />
                <div
                  class="ag-header-viewport "
                  role="presentation"
                >
                  <div
                    class="ag-header-container"
                    role="rowgroup"
                    style="width: 1400px;"
                  >
                    <div
                      aria-rowindex="1"
                      class="ag-header-row ag-header-row-column"
                      role="row"
                      style="height: 48px; top: 0px; width: 1400px;"
                    >
                      <div
                        aria-colindex="1"
                        aria-description="Press ENTER to sort."
                        aria-sort="none"
                        class="ag-header-cell ag-header-cell-sortable ag-focus-managed"
                        col-id="name"
                        role="columnheader"
                        style="width: 200px; top: 0px; height: 48px; left: 0px;"
                        tabindex="-1"
                      >
                        <div
                          aria-hidden="true"
                          class="ag-header-cell-resize ag-hidden"
                          role="presentation"
                        />
                        <div
                          aria-hidden="true"
                          class="ag-labeled ag-label-align-right ag-checkbox ag-input-field ag-header-select-all ag-hidden"
                          role="presentation"
                        >
                          
                
                          <div
                            aria-hidden="true"
                            class="ag-input-field-label ag-label ag-hidden ag-checkbox-label"
                            ref="eLabel"
                            role="presentation"
                          />
                          
                
                          <div
                            class="ag-wrapper ag-input-wrapper ag-checkbox-input-wrapper"
                            ref="eWrapper"
                            role="presentation"
                          >
                            
                    
                            <input
                              aria-label="Press Space to toggle all rows selection (unchecked)"
                              class="ag-input-field-input ag-checkbox-input"
                              id="ag-3-input"
                              ref="eInput"
                              tabindex="-1"
                              type="checkbox"
                            />
                            
                
                          </div>
                          
            
                        </div>
                        <div
                          class="ag-header-cell-comp-wrapper"
                          role="presentation"
                        >
                          <div
                            class="ag-cell-label-container"
                            role="presentation"
                          >
                            
            
            
                            <div
                              class="ag-header-cell-label"
                              ref="eLabel"
                              role="presentation"
                            >
                              
                
                              <span
                                class="ag-header-cell-text"
                                ref="eText"
                              >
                                name
                              </span>
                              
                
                              <span
                                aria-hidden="true"
                                class="ag-header-icon ag-header-label-icon ag-filter-icon ag-hidden"
                                ref="eFilter"
                              >
                                <span
                                  class="ag-icon ag-icon-filter"
                                  role="presentation"
                                  unselectable="on"
                                />
                              </span>
                              
                
                              <!--AG-SORT-INDICATOR-->
                              <span
                                class="ag-sort-indicator-container"
                                ref="eSortIndicator"
                              >
                                
            
                                <span
                                  aria-hidden="true"
                                  class="ag-sort-indicator-icon ag-sort-order ag-hidden"
                                  ref="eSortOrder"
                                />
                                
            
                                <span
                                  aria-hidden="true"
                                  class="ag-sort-indicator-icon ag-sort-ascending-icon ag-hidden"
                                  ref="eSortAsc"
                                >
                                  <span
                                    class="ag-icon ag-icon-asc"
                                    role="presentation"
                                    unselectable="on"
                                  />
                                </span>
                                
            
                                <span
                                  aria-hidden="true"
                                  class="ag-sort-indicator-icon ag-sort-descending-icon ag-hidden"
                                  ref="eSortDesc"
                                >
                                  <span
                                    class="ag-icon ag-icon-desc"
                                    role="presentation"
                                    unselectable="on"
                                  />
                                </span>
                                
            
                                <span
                                  aria-hidden="true"
                                  class="ag-sort-indicator-icon ag-sort-mixed-icon ag-hidden"
                                  ref="eSortMixed"
                                >
                                  <span
                                    class="ag-icon ag-icon-none"
                                    role="presentation"
                                    unselectable="on"
                                  />
                                </span>
                                
            
                                <span
                                  aria-hidden="true"
                                  class="ag-sort-indicator-icon ag-sort-none-icon ag-hidden"
                                  ref="eSortNone"
                                >
                                  <span
                                    class="ag-icon ag-icon-none"
                                    role="presentation"
                                    unselectable="on"
                                  />
                                </span>
                                
        
                              </span>
                              
            
                            </div>
                            
        
                          </div>
                        </div>
                      </div>
                      <div
                        aria-colindex="2"
                        aria-description="Press ENTER to sort."
                        aria-sort="none"
                        class="ag-header-cell ag-header-cell-sortable ag-focus-managed"
                        col-id="dateOfBirth"
                        role="columnheader"
                        style="width: 200px; top: 0px; height: 48px; left: 200px;"
                        tabindex="-1"
                      >
                        <div
                          aria-hidden="true"
                          class="ag-header-cell-resize ag-hidden"
                          role="presentation"
                        />
                        <div
                          aria-hidden="true"
                          class="ag-labeled ag-label-align-right ag-checkbox ag-input-field ag-header-select-all ag-hidden"
                          role="presentation"
                        >
                          
                
                          <div
                            aria-hidden="true"
                            class="ag-input-field-label ag-label ag-hidden ag-checkbox-label"
                            ref="eLabel"
                            role="presentation"
                          />
                          
                
                          <div
                            class="ag-wrapper ag-input-wrapper ag-checkbox-input-wrapper"
                            ref="eWrapper"
                            role="presentation"
                          >
                            
                    
                            <input
                              aria-label="Press Space to toggle all rows selection (unchecked)"
                              class="ag-input-field-input ag-checkbox-input"
                              id="ag-4-input"
                              ref="eInput"
                              tabindex="-1"
                              type="checkbox"
                            />
                            
                
                          </div>
                          
            
                        </div>
                        <div
                          class="ag-header-cell-comp-wrapper"
                          role="presentation"
                        >
                          <div
                            class="ag-cell-label-container"
                            role="presentation"
                          >
                            
            
            
                            <div
                              class="ag-header-cell-label"
                              ref="eLabel"
                              role="presentation"
                            >
                              
                
                              <span
                                class="ag-header-cell-text"
                                ref="eText"
                              >
                                dateOfBirth
                              </span>
                              
                
                              <span
                                aria-hidden="true"
                                class="ag-header-icon ag-header-label-icon ag-filter-icon ag-hidden"
                                ref="eFilter"
                              >
                                <span
                                  class="ag-icon ag-icon-filter"
                                  role="presentation"
                                  unselectable="on"
                                />
                              </span>
                              
                
                              <!--AG-SORT-INDICATOR-->
                              <span
                                class="ag-sort-indicator-container"
                                ref="eSortIndicator"
                              >
                                
            
                                <span
                                  aria-hidden="true"
                                  class="ag-sort-indicator-icon ag-sort-order ag-hidden"
                                  ref="eSortOrder"
                                />
                                
            
                                <span
                                  aria-hidden="true"
                                  class="ag-sort-indicator-icon ag-sort-ascending-icon ag-hidden"
                                  ref="eSortAsc"
                                >
                                  <span
                                    class="ag-icon ag-icon-asc"
                                    role="presentation"
                                    unselectable="on"
                                  />
                                </span>
                                
            
                                <span
                                  aria-hidden="true"
                                  class="ag-sort-indicator-icon ag-sort-descending-icon ag-hidden"
                                  ref="eSortDesc"
                                >
                                  <span
                                    class="ag-icon ag-icon-desc"
                                    role="presentation"
                                    unselectable="on"
                                  />
                                </span>
                                
            
                                <span
                                  aria-hidden="true"
                                  class="ag-sort-indicator-icon ag-sort-mixed-icon ag-hidden"
                                  ref="eSortMixed"
                                >
                                  <span
                                    class="ag-icon ag-icon-none"
                                    role="presentation"
                                    unselectable="on"
                                  />
                                </span>
                                
            
                                <span
                                  aria-hidden="true"
                                  class="ag-sort-indicator-icon ag-sort-none-icon ag-hidden"
                                  ref="eSortNone"
                                >
                                  <span
                                    class="ag-icon ag-icon-none"
                                    role="presentation"
                                    unselectable="on"
                                  />
                                </span>
                                
        
                              </span>
                              
            
                            </div>
                            
        
                          </div>
                        </div>
                      </div>
                      <div
                        aria-colindex="3"
                        aria-description="Press ENTER to sort."
                        aria-sort="none"
                        class="ag-header-cell ag-header-cell-sortable ag-focus-managed"
                        col-id="size"
                        role="columnheader"
                        style="width: 200px; top: 0px; height: 48px; left: 400px;"
                        tabindex="-1"
                      >
                        <div
                          aria-hidden="true"
                          class="ag-header-cell-resize ag-hidden"
                          role="presentation"
                        />
                        <div
                          aria-hidden="true"
                          class="ag-labeled ag-label-align-right ag-checkbox ag-input-field ag-header-select-all ag-hidden"
                          role="presentation"
                        >
                          
                
                          <div
                            aria-hidden="true"
                            class="ag-input-field-label ag-label ag-hidden ag-checkbox-label"
                            ref="eLabel"
                            role="presentation"
                          />
                          
                
                          <div
                            class="ag-wrapper ag-input-wrapper ag-checkbox-input-wrapper"
                            ref="eWrapper"
                            role="presentation"
                          >
                            
                    
                            <input
                              aria-label="Press Space to toggle all rows selection (unchecked)"
                              class="ag-input-field-input ag-checkbox-input"
                              id="ag-5-input"
                              ref="eInput"
                              tabindex="-1"
                              type="checkbox"
                            />
                            
                
                          </div>
                          
            
                        </div>
                        <div
                          class="ag-header-cell-comp-wrapper"
                          role="presentation"
                        >
                          <div
                            class="ag-cell-label-container"
                            role="presentation"
                          >
                            
            
            
                            <div
                              class="ag-header-cell-label"
                              ref="eLabel"
                              role="presentation"
                            >
                              
                
                              <span
                                class="ag-header-cell-text"
                                ref="eText"
                              >
                                size
                              </span>
                              
                
                              <span
                                aria-hidden="true"
                                class="ag-header-icon ag-header-label-icon ag-filter-icon ag-hidden"
                                ref="eFilter"
                              >
                                <span
                                  class="ag-icon ag-icon-filter"
                                  role="presentation"
                                  unselectable="on"
                                />
                              </span>
                              
                
                              <!--AG-SORT-INDICATOR-->
                              <span
                                class="ag-sort-indicator-container"
                                ref="eSortIndicator"
                              >
                                
            
                                <span
                                  aria-hidden="true"
                                  class="ag-sort-indicator-icon ag-sort-order ag-hidden"
                                  ref="eSortOrder"
                                />
                                
            
                                <span
                                  aria-hidden="true"
                                  class="ag-sort-indicator-icon ag-sort-ascending-icon ag-hidden"
                                  ref="eSortAsc"
                                >
                                  <span
                                    class="ag-icon ag-icon-asc"
                                    role="presentation"
                                    unselectable="on"
                                  />
                                </span>
                                
            
                                <span
                                  aria-hidden="true"
                                  class="ag-sort-indicator-icon ag-sort-descending-icon ag-hidden"
                                  ref="eSortDesc"
                                >
                                  <span
                                    class="ag-icon ag-icon-desc"
                                    role="presentation"
                                    unselectable="on"
                                  />
                                </span>
                                
            
                                <span
                                  aria-hidden="true"
                                  class="ag-sort-indicator-icon ag-sort-mixed-icon ag-hidden"
                                  ref="eSortMixed"
                                >
                                  <span
                                    class="ag-icon ag-icon-none"
                                    role="presentation"
                                    unselectable="on"
                                  />
                                </span>
                                
            
                                <span
                                  aria-hidden="true"
                                  class="ag-sort-indicator-icon ag-sort-none-icon ag-hidden"
                                  ref="eSortNone"
                                >
                                  <span
                                    class="ag-icon ag-icon-none"
                                    role="presentation"
                                    unselectable="on"
                                  />
                                </span>
                                
        
                              </span>
                              
            
                            </div>
                            
        
                          </div>
                        </div>
                      </div>
                      <div
                        aria-colindex="4"
                        aria-description="Press ENTER to sort."
                        aria-sort="none"
                        class="ag-header-cell ag-header-cell-sortable ag-focus-managed"
                        col-id="weight"
                        role="columnheader"
                        style="width: 200px; top: 0px; height: 48px; left: 600px;"
                        tabindex="-1"
                      >
                        <div
                          aria-hidden="true"
                          class="ag-header-cell-resize ag-hidden"
                          role="presentation"
                        />
                        <div
                          aria-hidden="true"
                          class="ag-labeled ag-label-align-right ag-checkbox ag-input-field ag-header-select-all ag-hidden"
                          role="presentation"
                        >
                          
                
                          <div
                            aria-hidden="true"
                            class="ag-input-field-label ag-label ag-hidden ag-checkbox-label"
                            ref="eLabel"
                            role="presentation"
                          />
                          
                
                          <div
                            class="ag-wrapper ag-input-wrapper ag-checkbox-input-wrapper"
                            ref="eWrapper"
                            role="presentation"
                          >
                            
                    
                            <input
                              aria-label="Press Space to toggle all rows selection (unchecked)"
                              class="ag-input-field-input ag-checkbox-input"
                              id="ag-6-input"
                              ref="eInput"
                              tabindex="-1"
                              type="checkbox"
                            />
                            
                
                          </div>
                          
            
                        </div>
                        <div
                          class="ag-header-cell-comp-wrapper"
                          role="presentation"
                        >
                          <div
                            class="ag-cell-label-container"
                            role="presentation"
                          >
                            
            
            
                            <div
                              class="ag-header-cell-label"
                              ref="eLabel"
                              role="presentation"
                            >
                              
                
                              <span
                                class="ag-header-cell-text"
                                ref="eText"
                              >
                                weight
                              </span>
                              
                
                              <span
                                aria-hidden="true"
                                class="ag-header-icon ag-header-label-icon ag-filter-icon ag-hidden"
                                ref="eFilter"
                              >
                                <span
                                  class="ag-icon ag-icon-filter"
                                  role="presentation"
                                  unselectable="on"
                                />
                              </span>
                              
                
                              <!--AG-SORT-INDICATOR-->
                              <span
                                class="ag-sort-indicator-container"
                                ref="eSortIndicator"
                              >
                                
            
                                <span
                                  aria-hidden="true"
                                  class="ag-sort-indicator-icon ag-sort-order ag-hidden"
                                  ref="eSortOrder"
                                />
                                
            
                                <span
                                  aria-hidden="true"
                                  class="ag-sort-indicator-icon ag-sort-ascending-icon ag-hidden"
                                  ref="eSortAsc"
                                >
                                  <span
                                    class="ag-icon ag-icon-asc"
                                    role="presentation"
                                    unselectable="on"
                                  />
                                </span>
                                
            
                                <span
                                  aria-hidden="true"
                                  class="ag-sort-indicator-icon ag-sort-descending-icon ag-hidden"
                                  ref="eSortDesc"
                                >
                                  <span
                                    class="ag-icon ag-icon-desc"
                                    role="presentation"
                                    unselectable="on"
                                  />
                                </span>
                                
            
                                <span
                                  aria-hidden="true"
                                  class="ag-sort-indicator-icon ag-sort-mixed-icon ag-hidden"
                                  ref="eSortMixed"
                                >
                                  <span
                                    class="ag-icon ag-icon-none"
                                    role="presentation"
                                    unselectable="on"
                                  />
                                </span>
                                
            
                                <span
                                  aria-hidden="true"
                                  class="ag-sort-indicator-icon ag-sort-none-icon ag-hidden"
                                  ref="eSortNone"
                                >
                                  <span
                                    class="ag-icon ag-icon-none"
                                    role="presentation"
                                    unselectable="on"
                                  />
                                </span>
                                
        
                              </span>
                              
            
                            </div>
                            
        
                          </div>
                        </div>
                      </div>
                      <div
                        aria-colindex="5"
                        aria-description="Press ENTER to sort."
                        aria-sort="none"
                        class="ag-header-cell ag-header-cell-sortable ag-focus-managed"
                        col-id="email"
                        role="columnheader"
                        style="width: 200px; top: 0px; height: 48px; left: 800px;"
                        tabindex="-1"
                      >
                        <div
                          aria-hidden="true"
                          class="ag-header-cell-resize ag-hidden"
                          role="presentation"
                        />
                        <div
                          aria-hidden="true"
                          class="ag-labeled ag-label-align-right ag-checkbox ag-input-field ag-header-select-all ag-hidden"
                          role="presentation"
                        >
                          
                
                          <div
                            aria-hidden="true"
                            class="ag-input-field-label ag-label ag-hidden ag-checkbox-label"
                            ref="eLabel"
                            role="presentation"
                          />
                          
                
                          <div
                            class="ag-wrapper ag-input-wrapper ag-checkbox-input-wrapper"
                            ref="eWrapper"
                            role="presentation"
                          >
                            
                    
                            <input
                              aria-label="Press Space to toggle all rows selection (unchecked)"
                              class="ag-input-field-input ag-checkbox-input"
                              id="ag-7-input"
                              ref="eInput"
                              tabindex="-1"
                              type="checkbox"
                            />
                            
                
                          </div>
                          
            
                        </div>
                        <div
                          class="ag-header-cell-comp-wrapper"
                          role="presentation"
                        >
                          <div
                            class="ag-cell-label-container"
                            role="presentation"
                          >
                            
            
            
                            <div
                              class="ag-header-cell-label"
                              ref="eLabel"
                              role="presentation"
                            >
                              
                
                              <span
                                class="ag-header-cell-text"
                                ref="eText"
                              >
                                email
                              </span>
                              
                
                              <span
                                aria-hidden="true"
                                class="ag-header-icon ag-header-label-icon ag-filter-icon ag-hidden"
                                ref="eFilter"
                              >
                                <span
                                  class="ag-icon ag-icon-filter"
                                  role="presentation"
                                  unselectable="on"
                                />
                              </span>
                              
                
                              <!--AG-SORT-INDICATOR-->
                              <span
                                class="ag-sort-indicator-container"
                                ref="eSortIndicator"
                              >
                                
            
                                <span
                                  aria-hidden="true"
                                  class="ag-sort-indicator-icon ag-sort-order ag-hidden"
                                  ref="eSortOrder"
                                />
                                
            
                                <span
                                  aria-hidden="true"
                                  class="ag-sort-indicator-icon ag-sort-ascending-icon ag-hidden"
                                  ref="eSortAsc"
                                >
                                  <span
                                    class="ag-icon ag-icon-asc"
                                    role="presentation"
                                    unselectable="on"
                                  />
                                </span>
                                
            
                                <span
                                  aria-hidden="true"
                                  class="ag-sort-indicator-icon ag-sort-descending-icon ag-hidden"
                                  ref="eSortDesc"
                                >
                                  <span
                                    class="ag-icon ag-icon-desc"
                                    role="presentation"
                                    unselectable="on"
                                  />
                                </span>
                                
            
                                <span
                                  aria-hidden="true"
                                  class="ag-sort-indicator-icon ag-sort-mixed-icon ag-hidden"
                                  ref="eSortMixed"
                                >
                                  <span
                                    class="ag-icon ag-icon-none"
                                    role="presentation"
                                    unselectable="on"
                                  />
                                </span>
                                
            
                                <span
                                  aria-hidden="true"
                                  class="ag-sort-indicator-icon ag-sort-none-icon ag-hidden"
                                  ref="eSortNone"
                                >
                                  <span
                                    class="ag-icon ag-icon-none"
                                    role="presentation"
                                    unselectable="on"
                                  />
                                </span>
                                
        
                              </span>
                              
            
                            </div>
                            
        
                          </div>
                        </div>
                      </div>
                      <div
                        aria-colindex="6"
                        aria-description="Press ENTER to sort."
                        aria-sort="none"
                        class="ag-header-cell ag-header-cell-sortable ag-focus-managed"
                        col-id="phone"
                        role="columnheader"
                        style="width: 200px; top: 0px; height: 48px; left: 1000px;"
                        tabindex="-1"
                      >
                        <div
                          aria-hidden="true"
                          class="ag-header-cell-resize ag-hidden"
                          role="presentation"
                        />
                        <div
                          aria-hidden="true"
                          class="ag-labeled ag-label-align-right ag-checkbox ag-input-field ag-header-select-all ag-hidden"
                          role="presentation"
                        >
                          
                
                          <div
                            aria-hidden="true"
                            class="ag-input-field-label ag-label ag-hidden ag-checkbox-label"
                            ref="eLabel"
                            role="presentation"
                          />
                          
                
                          <div
                            class="ag-wrapper ag-input-wrapper ag-checkbox-input-wrapper"
                            ref="eWrapper"
                            role="presentation"
                          >
                            
                    
                            <input
                              aria-label="Press Space to toggle all rows selection (unchecked)"
                              class="ag-input-field-input ag-checkbox-input"
                              id="ag-8-input"
                              ref="eInput"
                              tabindex="-1"
                              type="checkbox"
                            />
                            
                
                          </div>
                          
            
                        </div>
                        <div
                          class="ag-header-cell-comp-wrapper"
                          role="presentation"
                        >
                          <div
                            class="ag-cell-label-container"
                            role="presentation"
                          >
                            
            
            
                            <div
                              class="ag-header-cell-label"
                              ref="eLabel"
                              role="presentation"
                            >
                              
                
                              <span
                                class="ag-header-cell-text"
                                ref="eText"
                              >
                                phone
                              </span>
                              
                
                              <span
                                aria-hidden="true"
                                class="ag-header-icon ag-header-label-icon ag-filter-icon ag-hidden"
                                ref="eFilter"
                              >
                                <span
                                  class="ag-icon ag-icon-filter"
                                  role="presentation"
                                  unselectable="on"
                                />
                              </span>
                              
                
                              <!--AG-SORT-INDICATOR-->
                              <span
                                class="ag-sort-indicator-container"
                                ref="eSortIndicator"
                              >
                                
            
                                <span
                                  aria-hidden="true"
                                  class="ag-sort-indicator-icon ag-sort-order ag-hidden"
                                  ref="eSortOrder"
                                />
                                
            
                                <span
                                  aria-hidden="true"
                                  class="ag-sort-indicator-icon ag-sort-ascending-icon ag-hidden"
                                  ref="eSortAsc"
                                >
                                  <span
                                    class="ag-icon ag-icon-asc"
                                    role="presentation"
                                    unselectable="on"
                                  />
                                </span>
                                
            
                                <span
                                  aria-hidden="true"
                                  class="ag-sort-indicator-icon ag-sort-descending-icon ag-hidden"
                                  ref="eSortDesc"
                                >
                                  <span
                                    class="ag-icon ag-icon-desc"
                                    role="presentation"
                                    unselectable="on"
                                  />
                                </span>
                                
            
                                <span
                                  aria-hidden="true"
                                  class="ag-sort-indicator-icon ag-sort-mixed-icon ag-hidden"
                                  ref="eSortMixed"
                                >
                                  <span
                                    class="ag-icon ag-icon-none"
                                    role="presentation"
                                    unselectable="on"
                                  />
                                </span>
                                
            
                                <span
                                  aria-hidden="true"
                                  class="ag-sort-indicator-icon ag-sort-none-icon ag-hidden"
                                  ref="eSortNone"
                                >
                                  <span
                                    class="ag-icon ag-icon-none"
                                    role="presentation"
                                    unselectable="on"
                                  />
                                </span>
                                
        
                              </span>
                              
            
                            </div>
                            
        
                          </div>
                        </div>
                      </div>
                      <div
                        aria-colindex="7"
                        aria-description="Press ENTER to sort."
                        aria-sort="none"
                        class="ag-header-cell ag-header-cell-sortable ag-focus-managed"
                        col-id="actions"
                        role="columnheader"
                        style="width: 200px; top: 0px; height: 48px; left: 1200px;"
                        tabindex="-1"
                      >
                        <div
                          aria-hidden="true"
                          class="ag-header-cell-resize ag-hidden"
                          role="presentation"
                        />
                        <div
                          aria-hidden="true"
                          class="ag-labeled ag-label-align-right ag-checkbox ag-input-field ag-header-select-all ag-hidden"
                          role="presentation"
                        >
                          
                
                          <div
                            aria-hidden="true"
                            class="ag-input-field-label ag-label ag-hidden ag-checkbox-label"
                            ref="eLabel"
                            role="presentation"
                          />
                          
                
                          <div
                            class="ag-wrapper ag-input-wrapper ag-checkbox-input-wrapper"
                            ref="eWrapper"
                            role="presentation"
                          >
                            
                    
                            <input
                              aria-label="Press Space to toggle all rows selection (unchecked)"
                              class="ag-input-field-input ag-checkbox-input"
                              id="ag-9-input"
                              ref="eInput"
                              tabindex="-1"
                              type="checkbox"
                            />
                            
                
                          </div>
                          
            
                        </div>
                        <div
                          class="ag-header-cell-comp-wrapper"
                          role="presentation"
                        >
                          <div
                            class="ag-cell-label-container"
                            role="presentation"
                          >
                            
            
            
                            <div
                              class="ag-header-cell-label"
                              ref="eLabel"
                              role="presentation"
                            >
                              
                
                              <span
                                class="ag-header-cell-text"
                                ref="eText"
                              >
                                Actions
                              </span>
                              
                
                              <span
                                aria-hidden="true"
                                class="ag-header-icon ag-header-label-icon ag-filter-icon ag-hidden"
                                ref="eFilter"
                              >
                                <span
                                  class="ag-icon ag-icon-filter"
                                  role="presentation"
                                  unselectable="on"
                                />
                              </span>
                              
                
                              <!--AG-SORT-INDICATOR-->
                              <span
                                class="ag-sort-indicator-container"
                                ref="eSortIndicator"
                              >
                                
            
                                <span
                                  aria-hidden="true"
                                  class="ag-sort-indicator-icon ag-sort-order ag-hidden"
                                  ref="eSortOrder"
                                />
                                
            
                                <span
                                  aria-hidden="true"
                                  class="ag-sort-indicator-icon ag-sort-ascending-icon ag-hidden"
                                  ref="eSortAsc"
                                >
                                  <span
                                    class="ag-icon ag-icon-asc"
                                    role="presentation"
                                    unselectable="on"
                                  />
                                </span>
                                
            
                                <span
                                  aria-hidden="true"
                                  class="ag-sort-indicator-icon ag-sort-descending-icon ag-hidden"
                                  ref="eSortDesc"
                                >
                                  <span
                                    class="ag-icon ag-icon-desc"
                                    role="presentation"
                                    unselectable="on"
                                  />
                                </span>
                                
            
                                <span
                                  aria-hidden="true"
                                  class="ag-sort-indicator-icon ag-sort-mixed-icon ag-hidden"
                                  ref="eSortMixed"
                                >
                                  <span
                                    class="ag-icon ag-icon-none"
                                    role="presentation"
                                    unselectable="on"
                                  />
                                </span>
                                
            
                                <span
                                  aria-hidden="true"
                                  class="ag-sort-indicator-icon ag-sort-none-icon ag-hidden"
                                  ref="eSortNone"
                                >
                                  <span
                                    class="ag-icon ag-icon-none"
                                    role="presentation"
                                    unselectable="on"
                                  />
                                </span>
                                
        
                              </span>
                              
            
                            </div>
                            
        
                          </div>
                        </div>
                      </div>
                    </div>
                  </div>
                </div>
                <div
                  aria-hidden="true"
                  class="ag-pinned-right-header ag-hidden"
                  role="presentation"
                  style="width: 0px; min-width: 0px; max-width: 0px;"
                />
              </div>
              <!-- AG Pinned Top -->
              <div
                class="ag-floating-top"
                role="presentation"
                style="height: 0px; min-height: 0; display: none; overflow-y: hidden;"
              >
                <!-- AG Row Container topLeft -->
                <div
                  aria-hidden="true"
                  class="ag-pinned-left-floating-top ag-hidden"
                  role="presentation"
                  style="width: 0px; max-width: 0px; min-width: 0px;"
                />
                <!-- AG Row Container topCenter -->
                <div
                  class="ag-floating-top-viewport"
                  role="presentation"
                >
                  <div
                    class="ag-floating-top-container"
                    role="presentation"
                    style="width: 1400px;"
                  />
                </div>
                <!-- AG Row Container topRight -->
                <div
                  aria-hidden="true"
                  class="ag-pinned-right-floating-top ag-hidden"
                  role="presentation"
                  style="width: 0px; max-width: 0px; min-width: 0px;"
                />
                <!-- AG Row Container topFullWidth -->
                <div
                  class="ag-floating-top-full-width-container"
                  role="presentation"
                />
              </div>
              <div
                class="ag-body ag-layout-auto-height"
                role="presentation"
              >
                <!-- AG Middle -->
                <div
                  class="ag-body-viewport ag-row-no-animation ag-layout-auto-height"
                  role="presentation"
                >
                  <!-- AG Row Container left -->
                  <div
                    aria-hidden="true"
                    class="ag-pinned-left-cols-container ag-hidden"
                    role="presentation"
                    style="height: 42px; width: 0px; max-width: 0px; min-width: 0px;"
                  />
                  <!-- AG Row Container center -->
                  <div
                    class="ag-center-cols-viewport"
                    role="presentation"
                    style="height: 42px;"
                  >
                    <div
                      class="ag-center-cols-container"
                      role="rowgroup"
                      style="width: 1400px; height: 42px;"
                    >
                      <div
                        aria-rowindex="2"
                        class="ag-row-even ag-row-no-focus ag-row ag-row-level-0 ag-row-position-absolute ag-row-first ag-row-last ag-row-not-inline-editing"
                        role="row"
                        row-id="0"
                        row-index="0"
                        style="transform: translateY(0px); height: 42px;"
                      >
                        <div
                          aria-colindex="1"
                          class="ag-cell ag-cell-not-inline-editing ag-cell-normal-height ag-cell-value"
                          col-id="name"
                          role="gridcell"
                          style="left: 0px; width: 200px;"
                          tabindex="-1"
                        >
                          Kerstin Barth
                        </div>
                        <div
                          aria-colindex="2"
                          class="ag-cell ag-cell-not-inline-editing ag-cell-normal-height ag-cell-value"
                          col-id="dateOfBirth"
                          role="gridcell"
                          style="left: 200px; width: 200px;"
                          tabindex="-1"
                        >
                          04.09.1945
                        </div>
                        <div
                          aria-colindex="3"
                          class="ag-cell ag-cell-not-inline-editing ag-cell-normal-height ag-cell-value"
                          col-id="size"
                          role="gridcell"
                          style="left: 400px; width: 200px;"
                          tabindex="-1"
                        >
                          -165
                        </div>
                        <div
                          aria-colindex="4"
                          class="ag-cell ag-cell-not-inline-editing ag-cell-normal-height ag-cell-value"
                          col-id="weight"
                          role="gridcell"
                          style="left: 600px; width: 200px;"
                          tabindex="-1"
                        >
                          -65,56
                        </div>
                        <div
                          aria-colindex="5"
                          class="ag-cell ag-cell-not-inline-editing ag-cell-normal-height ag-cell-value"
                          col-id="email"
                          role="gridcell"
                          style="left: 800px; width: 200px;"
                          tabindex="-1"
                        >
                          KerstinBarth@dayrep.com
                        </div>
                        <div
                          aria-colindex="6"
                          class="ag-cell ag-cell-not-inline-editing ag-cell-normal-height ag-cell-value"
                          col-id="phone"
                          role="gridcell"
                          style="left: 1000px; width: 200px;"
                          tabindex="-1"
                        >
                          +496563941489
                        </div>
                        <div
                          aria-colindex="7"
                          class="ag-cell ag-cell-not-inline-editing ag-cell-normal-height ag-cell-value"
                          col-id="actions"
                          role="gridcell"
                          style="left: 1200px; width: 200px;"
                          tabindex="-1"
                        >
                          <span
                            aria-label="edit"
                            class=""
                            data-mui-internal-clone-element="true"
                          >
                            <button
                              class="MuiButtonBase-root MuiIconButton-root MuiIconButton-colorPrimary MuiIconButton-sizeMedium css-1kuq5xv-MuiButtonBase-root-MuiIconButton-root"
                              id="todo-table-1-button-edit"
                              tabindex="0"
                              type="button"
                            >
                              <svg
                                aria-hidden="true"
                                class="MuiSvgIcon-root MuiSvgIcon-fontSizeMedium css-i4bv87-MuiSvgIcon-root"
                                data-testid="EditIcon"
                                focusable="false"
                                viewBox="0 0 24 24"
                              >
                                <path
                                  d="M3 17.25V21h3.75L17.81 9.94l-3.75-3.75L3 17.25zM20.71 7.04c.39-.39.39-1.02 0-1.41l-2.34-2.34a.9959.9959 0 0 0-1.41 0l-1.83 1.83 3.75 3.75 1.83-1.83z"
                                />
                              </svg>
                              <span
                                class="MuiTouchRipple-root css-8je8zh-MuiTouchRipple-root"
                              />
                            </button>
                          </span>
                          <span
                            aria-label="delete"
                            class=""
                            data-mui-internal-clone-element="true"
                          >
                            <button
                              class="MuiButtonBase-root MuiIconButton-root MuiIconButton-colorPrimary MuiIconButton-sizeMedium css-1kuq5xv-MuiButtonBase-root-MuiIconButton-root"
                              id="todo-table-1-button-delete"
                              tabindex="0"
                              type="button"
                            >
                              <svg
                                aria-hidden="true"
                                class="MuiSvgIcon-root MuiSvgIcon-fontSizeMedium css-i4bv87-MuiSvgIcon-root"
                                data-testid="DeleteIcon"
                                focusable="false"
                                viewBox="0 0 24 24"
                              >
                                <path
                                  d="M6 19c0 1.1.9 2 2 2h8c1.1 0 2-.9 2-2V7H6v12zM19 4h-3.5l-1-1h-5l-1 1H5v2h14V4z"
                                />
                              </svg>
                              <span
                                class="MuiTouchRipple-root css-8je8zh-MuiTouchRipple-root"
                              />
                            </button>
                          </span>
                        </div>
                      </div>
                    </div>
                  </div>
                  <!-- AG Row Container right -->
                  <div
                    aria-hidden="true"
                    class="ag-pinned-right-cols-container ag-hidden"
                    role="presentation"
                    style="height: 42px; width: 0px; max-width: 0px; min-width: 0px;"
                  />
                  <!-- AG Row Container fullWidth -->
                  <div
                    class="ag-full-width-container"
                    role="presentation"
                    style="height: 42px;"
                  />
                </div>
                <!-- AG Fake Vertical Scroll -->
                <div
                  aria-hidden="true"
                  class="ag-body-vertical-scroll"
                >
                  
            
                  <div
                    class="ag-body-vertical-scroll-viewport"
                    ref="eViewport"
                  >
                    
                
                    <div
                      class="ag-body-vertical-scroll-container"
                      ref="eContainer"
                      style="height: 42px;"
                    />
                    
            
                  </div>
                  
        
                </div>
              </div>
              <!-- AG Sticky Top -->
              <div
                class="ag-sticky-top"
                role="presentation"
                style="height: 0px; top: 49px; width: 100%;"
              >
                <!-- AG Row Container stickyTopLeft -->
                <div
                  aria-hidden="true"
                  class="ag-pinned-left-sticky-top ag-hidden"
                  role="presentation"
                  style="width: 0px; max-width: 0px; min-width: 0px;"
                />
                <!-- AG Row Container stickyTopCenter -->
                <div
                  class="ag-sticky-top-viewport"
                  role="presentation"
                >
                  <div
                    class="ag-sticky-top-container"
                    role="presentation"
                    style="width: 1400px;"
                  />
                </div>
                <!-- AG Row Container stickyTopRight -->
                <div
                  aria-hidden="true"
                  class="ag-pinned-right-sticky-top ag-hidden"
                  role="presentation"
                  style="width: 0px; max-width: 0px; min-width: 0px;"
                />
                <!-- AG Row Container stickyTopFullWidth -->
                <div
                  class="ag-sticky-top-full-width-container"
                  role="presentation"
                />
              </div>
              <!-- AG Pinned Bottom -->
              <div
                class="ag-floating-bottom"
                role="presentation"
                style="height: 0px; min-height: 0; display: none; overflow-y: hidden;"
              >
                <!-- AG Row Container bottomLeft -->
                <div
                  aria-hidden="true"
                  class="ag-pinned-left-floating-bottom ag-hidden"
                  role="presentation"
                  style="width: 0px; max-width: 0px; min-width: 0px;"
                />
                <!-- AG Row Container bottomCenter -->
                <div
                  class="ag-floating-bottom-viewport"
                  role="presentation"
                >
                  <div
                    class="ag-floating-bottom-container"
                    role="presentation"
                    style="width: 1400px;"
                  />
                </div>
                <!-- AG Row Container bottomRight -->
                <div
                  aria-hidden="true"
                  class="ag-pinned-right-floating-bottom ag-hidden"
                  role="presentation"
                  style="width: 0px; max-width: 0px; min-width: 0px;"
                />
                <!-- AG Row Container bottomFullWidth -->
                <div
                  class="ag-floating-bottom-full-width-container"
                  role="presentation"
                />
              </div>
              <!-- AG Fake Horizontal Scroll -->
              <div
                aria-hidden="true"
                class="ag-body-horizontal-scroll"
              >
                
            
                <div
                  class="ag-horizontal-left-spacer"
                  ref="eLeftSpacer"
                  style="width: 0px; max-width: 0px; min-width: 0px;"
                />
                
            
                <div
                  class="ag-body-horizontal-scroll-viewport"
                  ref="eViewport"
                >
                  
                
                  <div
                    class="ag-body-horizontal-scroll-container"
                    ref="eContainer"
                    style="width: 1400px;"
                  />
                  
            
                </div>
                
            
                <div
                  class="ag-horizontal-right-spacer"
                  ref="eRightSpacer"
                  style="width: 0px; max-width: 0px; min-width: 0px;"
                />
                
        
              </div>
              <!-- AG Overlay Wrapper -->
              <div
                aria-hidden="true"
                class="ag-overlay ag-hidden"
              >
                
            
                <div
                  class="ag-overlay-panel"
                >
                  
                
                  <div
                    class="ag-overlay-wrapper ag-layout-auto-height"
                    ref="eOverlayWrapper"
                  />
                  
            
                </div>
                
        
              </div>
            </div>
            <div
              class="ag-tab-guard ag-tab-guard-bottom"
              role="presentation"
              tabindex="0"
            />
          </div>
          <div
            aria-hidden="true"
            class="ag-paging-panel ag-unselectable ag-hidden"
            id="ag-10"
          >
            
                
            <span
              class="ag-paging-row-summary-panel"
              role="status"
            >
              
                    
              <span
                class="ag-paging-row-summary-panel-number"
                id="ag-10-first-row"
                ref="lbFirstRowOnPage"
              />
              
                    
              <span
                id="ag-10-to"
              >
                to
              </span>
              
                    
              <span
                class="ag-paging-row-summary-panel-number"
                id="ag-10-last-row"
                ref="lbLastRowOnPage"
              />
              
                    
              <span
                id="ag-10-of"
              >
                of
              </span>
              
                    
              <span
                class="ag-paging-row-summary-panel-number"
                id="ag-10-row-count"
                ref="lbRecordCount"
              />
              
                
            </span>
            
                
            <span
              class="ag-paging-page-summary-panel"
              role="presentation"
            >
              
                    
              <div
                aria-label="First Page"
                class="ag-button ag-paging-button"
                ref="btFirst"
                role="button"
                tabindex="0"
              >
                <span
                  class="ag-icon ag-icon-first"
                  role="presentation"
                  unselectable="on"
                />
              </div>
              
                    
              <div
                aria-label="Previous Page"
                class="ag-button ag-paging-button"
                ref="btPrevious"
                role="button"
                tabindex="0"
              >
                <span
                  class="ag-icon ag-icon-previous"
                  role="presentation"
                  unselectable="on"
                />
              </div>
              
                    
              <span
                class="ag-paging-description"
                role="status"
              >
                
                        
                <span
                  id="ag-10-start-page"
                >
                  Page
                </span>
                
                        
                <span
                  class="ag-paging-number"
                  id="ag-10-start-page-number"
                  ref="lbCurrent"
                />
                
                        
                <span
                  id="ag-10-of-page"
                >
                  of
                </span>
                
                        
                <span
                  class="ag-paging-number"
                  id="ag-10-of-page-number"
                  ref="lbTotal"
                />
                
                    
              </span>
              
                    
              <div
                aria-label="Next Page"
                class="ag-button ag-paging-button"
                ref="btNext"
                role="button"
                tabindex="0"
              >
                <span
                  class="ag-icon ag-icon-next"
                  role="presentation"
                  unselectable="on"
                />
              </div>
              
                    
              <div
                aria-label="Last Page"
                class="ag-button ag-paging-button"
                ref="btLast"
                role="button"
                tabindex="0"
              >
                <span
                  class="ag-icon ag-icon-last"
                  role="presentation"
                  unselectable="on"
                />
              </div>
              
                
            </span>
            
            
          </div>
        </div>
      </div>
    </div>
  </div>
</DocumentFragment>
`;
