// Vitest Snapshot v1, https://vitest.dev/guide/snapshot.html

exports[`StringEdit > should equal saved snapshot 1`] = `
<DocumentFragment>
  <div
    class="MuiFormControl-root MuiTextField-root css-kn4dux-MuiFormControl-root-MuiTextField-root"
  >
    <label
      class="MuiFormLabel-root MuiInputLabel-root MuiInputLabel-formControl MuiInputLabel-animated MuiInputLabel-shrink MuiInputLabel-sizeMedium MuiInputLabel-outlined MuiFormLabel-colorPrimary Mui-error MuiFormLabel-filled MuiInputLabel-root MuiInputLabel-formControl MuiInputLabel-animated MuiInputLabel-shrink MuiInputLabel-sizeMedium MuiInputLabel-outlined css-18pjc51-MuiFormLabel-root-MuiInputLabel-root"
      data-shrink="true"
      for="id"
      id="id-label"
    >
      label
    </label>
    <div
      class="MuiInputBase-root MuiOutlinedInput-root MuiInputBase-colorPrimary Mui-error MuiInputBase-formControl css-j882ge-MuiInputBase-root-MuiOutlinedInput-root"
    >
      <input
        aria-describedby="id-helper-text"
        aria-invalid="true"
        class="MuiInputBase-input MuiOutlinedInput-input css-1jk99ih-MuiInputBase-input-MuiOutlinedInput-input"
        id="id"
        type="text"
        value="value"
      />
      <fieldset
        aria-hidden="true"
        class="MuiOutlinedInput-notchedOutline css-1d3z3hw-MuiOutlinedInput-notchedOutline"
      >
        <legend
          class="css-kg5swy"
        >
          <span>
            label
          </span>
        </legend>
      </fieldset>
    </div>
    <p
      class="MuiFormHelperText-root Mui-error MuiFormHelperText-sizeMedium MuiFormHelperText-contained MuiFormHelperText-filled css-wq8qsl-MuiFormHelperText-root"
      id="id-helper-text"
    >
      error
    </p>
  </div>
</DocumentFragment>
`;
