// Vitest Snapshot v1, https://vitest.dev/guide/snapshot.html

exports[`StringEdit > should equal saved snapshot 1`] = `
<DocumentFragment>
  <div
    class="MuiFormControl-root MuiTextField-root css-5cbd2k-MuiFormControl-root-MuiTextField-root"
  >
    <label
      class="MuiFormLabel-root MuiInputLabel-root MuiInputLabel-formControl MuiInputLabel-animated MuiInputLabel-shrink MuiInputLabel-outlined MuiFormLabel-colorPrimary Mui-error MuiFormLabel-filled MuiInputLabel-root MuiInputLabel-formControl MuiInputLabel-animated MuiInputLabel-shrink MuiInputLabel-outlined css-113d811-MuiFormLabel-root-MuiInputLabel-root"
      data-shrink="true"
      for="id"
      id="id-label"
    >
      label
    </label>
    <div
      class="MuiInputBase-root MuiOutlinedInput-root MuiInputBase-colorPrimary Mui-error MuiInputBase-formControl css-quhxjy-MuiInputBase-root-MuiOutlinedInput-root"
    >
      <input
        aria-describedby="id-helper-text"
        aria-invalid="true"
        class="MuiInputBase-input MuiOutlinedInput-input css-16wblaj-MuiInputBase-input-MuiOutlinedInput-input"
        id="id"
        type="text"
        value="value"
      />
      <fieldset
        aria-hidden="true"
        class="MuiOutlinedInput-notchedOutline css-18p5xg2-MuiNotchedOutlined-root-MuiOutlinedInput-notchedOutline"
      >
        <legend
          class="css-ex8a5f-MuiNotchedOutlined-root"
        >
          <span>
            label
          </span>
        </legend>
      </fieldset>
    </div>
    <p
      class="MuiFormHelperText-root Mui-error MuiFormHelperText-sizeMedium MuiFormHelperText-contained MuiFormHelperText-filled css-er619e-MuiFormHelperText-root"
      id="id-helper-text"
    >
      error
    </p>
  </div>
</DocumentFragment>
`;
